/about-us/ /about/;
/case-study/all/helping-grofers-scale-up/1/ /employer/case-study/all/helping-grofers-scale-up/1/;
/s/jobs/backoffice-around-mumbai-te7ud2evsmng5vu3shtbe/ /s/jobs/back-office-around-mumbai-te7ud2evsmng5vu3shtbe/;
/s/jobs/officeassistant-around-mumbai-te7ud2evsmng5vu3shtbe/ /s/jobs/office-assistant-around-mumbai-te7ud2evsmng5vu3shtbe/;
/s/jobs/dataentry-around-mumbai-te7ud2evsmng5vu3shtbe/ /s/jobs/data-entry-around-mumbai-te7ud2evsmng5vu3shtbe/;
/s/jobs/administration-executive-jobs/ /s/jobs/admin-executive-jobs/;
/s/jobs-in-coverfox-insurance-broking-private-limited-ts/ /s/jobs-in-coverfox/;
/s/fmcg-fb-jobs-in-mumbai/ /s/fmcg-f-b-jobs-in-mumbai/;
/s/fmcg-fb-jobs-in-delhi/ /s/fmcg-f-b-jobs-in-delhi/;
/s/fmcg-fb-jobs-in-bangalore/ /s/fmcg-f-b-jobs-in-bangalore/;
/s/fmcg-fb-jobs-in-pune/ /s/fmcg-f-b-jobs-in-pune/;
/s/fmcg-fb-jobs/ /s/fmcg-f-b-jobs/;
/s/banking-financial-services-jobs-in-mumbai/ /s/banking-finance-insurance-jobs-in-mumbai/;
/s/banking-financial-services-jobs-in-delhi/ /s/banking-finance-insurance-jobs-in-delhi/;
/s/banking-financial-services-jobs-in-bangalore/ /s/banking-finance-insurance-jobs-in-bangalore/;
/s/banking-financial-services-jobs-in-pune/ /s/banking-finance-insurance-jobs-in-pune/;
/s/banking-financial-services-jobs/ /s/banking-finance-insurance-jobs/;
